C51 COMPILER V9.59.0.0   LED                                                               04/13/2025 12:47:46 PAGE 1   


C51 COMPILER V9.59.0.0, COMPILATION OF MODULE LED
OBJECT MODULE PLACED IN .\Objects\LED.obj
COMPILER INVOKED BY: D:\Desktop\LanqiaoCup\DP2025_SCM\Tools\KeilC51\C51\BIN\C51.EXE ..\Driver\LED.c OPTIMIZE(8,SPEED) BR
                    -OWSE INCDIR(..\Driver) DEBUG OBJECTEXTEND PRINT(.\Listings\LED.lst) OBJECT(.\Objects\LED.obj)

line level    source

   1          #include <STC15F2K60S2.H>
   2          #include "LED.h"
   3          
   4          unsigned char last_LED=0xFF;
   5          
   6          void LED_show(unsigned char add,bit enable)
   7          {
   8   1              unsigned char temp=last_LED;
   9   1              if(enable==1)
  10   1              {
  11   2                      temp=temp & (~(0x01<<(add-1)));
  12   2              }
  13   1              else
  14   1              {
  15   2                      temp=temp | (0x01<<(add-1));
  16   2              }
  17   1              
  18   1              if(temp!=last_LED)
  19   1              {
  20   2                      P0=temp;
  21   2                      P2 &= 0x1F;
  22   2                      P2 |= 0x80;
  23   2                      P2 &= 0x1F;
  24   2                      last_LED=temp;
  25   2              }
  26   1      }


MODULE INFORMATION:   STATIC OVERLAYABLE
   CODE SIZE        =     57    ----
   CONSTANT SIZE    =   ----    ----
   XDATA SIZE       =   ----    ----
   PDATA SIZE       =   ----    ----
   DATA SIZE        =      1    ----
   IDATA SIZE       =   ----    ----
   BIT SIZE         =   ----       1
END OF MODULE INFORMATION.


C51 COMPILATION COMPLETE.  0 WARNING(S),  0 ERROR(S)
